<!doctype html> <html lang=en-US itemscope=itemscope itemtype=https://schema.org/WebPage> <head> <title>Brian Anders | Accessible Text</title> <meta name=description content=""/> <meta charset=UTF-8 /> <meta http-equiv=content-type content="text/html; charset=UTF-8"/> <meta http-equiv=X-UA-Compatible content="IE=edge"/> <meta name=apple-mobile-web-app-capable content=yes /> <meta name=apple-mobile-web-app-status-bar-style content=#212121 /> <meta name=theme-color content=#212121 /> <meta name=mobile-web-app-capable content=yes /> <meta name=viewport content="width=device-width,initial-scale=1"/> <meta http-equiv=X-UA-Compatible content="IE=edge,chrome=1"/> <meta name=robots content="noindex, nofollow"/> <meta name=keywords content="Brian, Anders, Brian Anders"/> <meta name=description content=""/> <meta name=author content="Brian Anders"/> <meta itemprop=name content="Brian Anders"/> <meta itemprop=description content=""/> <meta itemprop=image content=/images/favicon_base.png /> <link rel=canonical href=https://briananders.com/example/accessible-text/ /> <meta name=twitter:card content=summary /> <meta name=twitter:url content=https://briananders.com/example/accessible-text/ /> <meta name=twitter:site content=@imbanders /> <meta name=twitter:creator content=@imbanders /> <meta name=twitter:title content="Brian Anders"/> <meta name=twitter:description content=""/> <meta name=twitter:image content=/images/favicon_base.png /> <meta property=og:type content=profile /> <meta property=og:url content=/example/accessible-text/ /> <meta property=og:title content="Brian Anders"/> <meta property=og:image content=/images/favicon_base.png /> <meta property=og:description content=""/> <meta property=og:site_name content="Brian Anders"/> <link rel="shortcut icon" href=/images/favicon_144.png /> <link rel=icon href=/images/favicon_144.png /> <link rel=apple-touch-icon href=/images/favicon_144.png /> <link rel=apple-touch-icon-precomposed href=/images/favicon_144.png /> <meta itemprop=copyrightHolder content="Brian Anders"/> <meta itemprop=copyrightYear content=2025 /> <meta itemprop=isFamilyFriendly content=true /> <meta name=build-id content=731fc8f209a31c76a2cae9c3f9cd4268f0deb6da /> <meta name=build-datetime content=2025-10-20T06:35:15.802Z /> <meta itemprop=author content="Brian Anders"/> <meta itemprop=datePublished content=2020-06-06 /> <meta itemprop=publisher content="Brian Anders"/> <link rel=preconnect href=https://www.googletagmanager.com crossorigin/> <link rel=preconnect href=https://www.google-analytics.com crossorigin/> <script>((e,t,a,g)=>{e[g]=e[g]||[],e[g].push({"gtm.start":(new Date).getTime(),event:"gtm.js"}),e=t.getElementsByTagName(a)[0],(g=t.createElement(a)).async=!0,g.defer=!0,g.src="https://www.googletagmanager.com/gtm.js?id=GTM-5KZW4HX",e.parentNode.insertBefore(g,e)})(window,document,"script","dataLayer")</script> <link rel=preconnect href=https://fonts.gstatic.com crossorigin/> <link rel=preconnect href=https://fonts.googleapis.com crossorigin/> <link rel=preload media=all href="https://fonts.googleapis.com/css?family=Roboto:300,500|Source+Serif+Pro&display=swap" lazyload onload="this.onload=null,this.rel=&#34;stylesheet&#34;" as=style /> <noscript> <link rel=stylesheet media=all href="https://fonts.googleapis.com/css?family=Roboto:300,500|Source+Serif+Pro&display=swap"/> </noscript> <link rel=preload media=all href=/styles/example/accessible-text.css lazyload onload="this.onload=null,this.rel=&#34;stylesheet&#34;" as=style /> <noscript> <link rel=stylesheet media=all href=/styles/example/accessible-text.css /> </noscript> <script>window.onerror=function(r,e,o,a,n){r.toLowerCase();r=["Message: "+r,"URL: "+e,"Line: "+o,"Column: "+a,"Error object: "+JSON.stringify(n)].join(" - ");dataLayer.push({event:"gaEvent",gaCategory:"javascript error",gaAction:r})}</script> </head> <body> <noscript><iframe src="https://www.googletagmanager.com/ns.html?id=GTM-5KZW4HX" height=0 width=0 style=display:none;visibility:hidden></iframe></noscript> <h1>px: heading level 1</h1> <h1 class=rem>rem: heading level 1</h1> <h1 class=em>em: heading level 1</h1> <h2>px: heading level 2</h2> <h2 class=rem>rem: heading level 2</h2> <h2 class=em>em: heading level 2</h2> <h3>px: heading level 3</h3> <h3 class=rem>rem: heading level 3</h3> <h3 class=em>em: heading level 3</h3> <h4>px: heading level 4</h4> <h4 class=rem>rem: heading level 4</h4> <h4 class=em>em: heading level 4</h4> <h5>px: heading level 5</h5> <h5 class=rem>rem: heading level 5</h5> <h5 class=em>em: heading level 5</h5> <h6>px: heading level 6</h6> <h6 class=rem>rem: heading level 6</h6> <h6 class=em>em: heading level 6</h6> <p>px: Lorem ipsum dolor sit amet, consectetur adipiscing elit. Nullam aliquet orci metus, quis eleifend arcu volutpat et. Etiam malesuada malesuada quam. Maecenas posuere dui eget eleifend elementum. Fusce ultrices quam ac libero suscipit, vitae eleifend nisi convallis. Donec eu lacus lobortis, pharetra eros a, cursus nunc. Etiam eu massa nisi. Curabitur et leo tincidunt velit lacinia maximus at a sem. Nunc ut eros felis. Donec felis lectus, consequat id gravida eget, malesuada at odio.</p> <p class=rem>rem: Lorem ipsum dolor sit amet, consectetur adipiscing elit. Nullam aliquet orci metus, quis eleifend arcu volutpat et. Etiam malesuada malesuada quam. Maecenas posuere dui eget eleifend elementum. Fusce ultrices quam ac libero suscipit, vitae eleifend nisi convallis. Donec eu lacus lobortis, pharetra eros a, cursus nunc. Etiam eu massa nisi. Curabitur et leo tincidunt velit lacinia maximus at a sem. Nunc ut eros felis. Donec felis lectus, consequat id gravida eget, malesuada at odio.</p> <p class=em>em: Lorem ipsum dolor sit amet, consectetur adipiscing elit. Nullam aliquet orci metus, quis eleifend arcu volutpat et. Etiam malesuada malesuada quam. Maecenas posuere dui eget eleifend elementum. Fusce ultrices quam ac libero suscipit, vitae eleifend nisi convallis. Donec eu lacus lobortis, pharetra eros a, cursus nunc. Etiam eu massa nisi. Curabitur et leo tincidunt velit lacinia maximus at a sem. Nunc ut eros felis. Donec felis lectus, consequat id gravida eget, malesuada at odio.</p> </body> </html> 