{
  "urls": [ 
    "/404.html",
    "/about/",
    "/drums/",
    "/example/accessible-text/",
    "/example/flex-iphone/",
    "/example/float-iphone/",
    "/example/float-no-vws-iphone/",
    "/example/grid-iphone/",
    "/example/minesweeper/",
    "/example/ssr-csr-performance-experiment/csr/",
    "/example/ssr-csr-performance-experiment/ssr/",
    "/",
    "/posts/2d-automaton/",
    "/posts/ant-life-simulator/",
    "/posts/blue-green/",
    "/posts/browser-and-device-diagnostics/",
    "/posts/canvas-static/",
    "/posts/cellular-automaton/",
    "/posts/circle-multiplier/",
    "/posts/circle-wave-illusion/",
    "/posts/color-canvas/",
    "/posts/design-system/",
    "/posts/earth-rotating-sprite-animation/",
    "/posts/how-to-get-rid-of-untracked-files-from-your-git-branch/",
    "/posts/how-to-git-merge-without-being-prompted-for-a-message/",
    "/posts/how-to-match-the-height-of-sibling-elements/",
    "/posts/in-view-text-animation/",
    "/posts/",
    "/posts/interview-question/",
    "/posts/last-fm-scrobbles/",
    "/posts/last-fm/",
    "/posts/line-circle-rotator/",
    "/posts/lissajous-curve/",
    "/posts/making-animations-with-squares/",
    "/posts/minesweeper/",
    "/posts/moire-pattern-colors/",
    "/posts/moire-patterns/",
    "/posts/my-favorite-aliases/",
    "/posts/my-favorite-git-aliases/",
    "/posts/my-git-config/",
    "/posts/paint/",
    "/posts/polar-clock/",
    "/posts/polyrhythm/",
    "/posts/quality-podcasts/",
    "/posts/raining-light-effect/",
    "/posts/raining-paint/",
    "/posts/reverse-hover-state/",
    "/posts/sound-frequency-slider/",
    "/posts/sticky-stacky/",
    "/posts/ten-star-movies/",
    "/posts/unique-stars/",
    "/posts/using-canvas-to-make-patterns-with-circles/",
    "/posts/vertically-center-siblings/",
    "/posts/wordle-solver-2/",
    "/posts/wordle-solver/",
    "/posts/wordscapes-solver/",
    "/posts/yahtzee/"
  ]
}